<html>
<body>
<pre>
<h1>µVision Build Log</h1>
<h2>Tool Versions:</h2>
IDE-Version: ¦ÌVision V5.24.2.0
Copyright (C) 2017 ARM Ltd and ARM Germany GmbH. All rights reserved.
License Information: 1111 111, 11, LIC=KIVEV-P4LTL-33XM1-CP6X1-97MGL-N3RCF
 
Tool Versions:
Toolchain:       MDK-ARM Professional  Version: 5.24.1
Toolchain Path:  D:\hardware\ARM_V5\ARM\ARMCC\Bin
C Compiler:      Armcc.exe V5.06 update 5 (build 528)
Assembler:       Armasm.exe V5.06 update 5 (build 528)
Linker/Locator:  ArmLink.exe V5.06 update 5 (build 528)
Library Manager: ArmAr.exe V5.06 update 5 (build 528)
Hex Converter:   FromElf.exe V5.06 update 5 (build 528)
CPU DLL:         SARMCM3.DLL V5.24.1
Dialog DLL:      DCM.DLL V1.16.0.0
Target DLL:      STLink\ST-LINKIII-KEIL_SWO.dll V3.0.1.0
Dialog DLL:      TCM.DLL V1.32.0.0
 
<h2>Project:</h2>
E:\mcu_firmware\FW-MBTMC429-01 User\INC-MBTMC429-01_user\MDK-ARM\INC-MBTMC429-01.uvprojx
Project File Date:  06/23/2018

<h2>Output:</h2>
*** Using Compiler 'V5.06 update 5 (build 528)', folder: 'D:\hardware\ARM_V5\ARM\ARMCC\Bin'
Build target 'microcontroller'
compiling SysTick.c...
compiling Timer.c...
compiling UART.c...
compiling IO.c...
compiling SPI.c...
compiling Globals.c...
compiling TMC429.c...
compiling TMC262.c...
compiling Eeprom.c...
compiling IIC_Soft.c...
compiling 24CXX.c...
compiling SysControl.c...
..\Src\SysControl.c(229): warning:  #111-D: statement is unreachable
  			if(abs((int)(GetSysTimer()-SensorDelay))>1000 )
..\Src\SysControl.c(33): warning:  #177-D: variable "MotorIsHoming"  was declared but never referenced
  static u8 MotorIsHoming[3]={0};	
..\Src\SysControl.c: 2 warnings, 0 errors
compiling button.c...
compiling main.c...
compiling Lidopen.c...
compiling JABIL_LCR.c...
..\project\JABIL_LCR.c(82): warning:  #177-D: function "DutPosition_JABIL_LCR"  was declared but never referenced
  static UCHAR DutPosition_JABIL_LCR(void)
..\project\JABIL_LCR.c(88): warning:  #177-D: function "DoorPosition_JABIL_LCR"  was declared but never referenced
  static UCHAR DoorPosition_JABIL_LCR(void)
..\project\JABIL_LCR.c: 2 warnings, 0 errors
compiling cmd_eeprom.c...
compiling cmd_io.c...
compiling Commands.c...
..\project\Commands.c(270): warning:  #167-D: argument of type "u8 *" is incompatible with parameter of type "const char *"
  	u8 len=strlen(save_info);
..\project\Commands.c: 1 warning, 0 errors
compiling cmd_motor.c...
compiling cmd_BUTTONT_TEST.c...
compiling cmd_IAC_LCR.c...
compiling cmd_LIDOPEN.c...
compiling cmd_JABIL_LCR.c...
linking...
Program Size: Code=39472 RO-data=1268 RW-data=204 ZI-data=1732  
FromELF: creating hex file...
".\Objects\INC-MBTMC429-01.axf" - 0 Error(s), 5 Warning(s).

<h2>Software Packages used:</h2>

Package Vendor: Keil
                http://www.keil.com/pack/Keil.STM32F1xx_DFP.2.2.0.pack
                Keil.STM32F1xx_DFP.2.2.0
                STMicroelectronics STM32F1 Series Device Support, Drivers and Examples

<h2>Collection of Component include folders:</h2>
  .\RTE\_microcontroller
  D:\hardware\ARM_V5\ARM\PACK\Keil\STM32F1xx_DFP\2.2.0\Device\Include

<h2>Collection of Component Files used:</h2>
Build Time Elapsed:  00:00:13
</pre>
</body>
</html>
