<html>
<body>
<pre>
<h1>µVision Build Log</h1>
<h2>Tool Versions:</h2>
IDE-Version: ¦ÌVision V5.24.2.0
Copyright (C) 2017 ARM Ltd and ARM Germany GmbH. All rights reserved.
License Information: 1111 111, 11, LIC=KIVEV-P4LTL-33XM1-CP6X1-97MGL-N3RCF
 
Tool Versions:
Toolchain:       MDK-ARM Professional  Version: 5.24.1
Toolchain Path:  D:\hardware\ARM_V5\ARM\ARMCC\Bin
C Compiler:      Armcc.exe V5.06 update 5 (build 528)
Assembler:       Armasm.exe V5.06 update 5 (build 528)
Linker/Locator:  ArmLink.exe V5.06 update 5 (build 528)
Library Manager: ArmAr.exe V5.06 update 5 (build 528)
Hex Converter:   FromElf.exe V5.06 update 5 (build 528)
CPU DLL:         SARMCM3.DLL V5.24.1
Dialog DLL:      DARMCM1.DLL V1.18.0.0
Target DLL:      STLink\ST-LINKIII-KEIL_SWO.dll V3.0.1.0
Dialog DLL:      TARMCM1.DLL V1.13.0.0
 
<h2>Project:</h2>
E:\my_project_rtt\bsp\stm32f10x-HAL\applications\Board_STM32Cube_Code\STM32F030F4\MDK-ARM\STM32F030F4.uvprojx
Project File Date:  04/09/2019

<h2>Output:</h2>
*** Using Compiler 'V5.06 update 5 (build 528)', folder: 'D:\hardware\ARM_V5\ARM\ARMCC\Bin'
Build target 'STM32F030F4'
compiling bsp_bme280.c...
compiling app_bme280.c...
..\..\..\sensors\app_bme280.c(74): warning:  #111-D: statement is unreachable
    return rslt;
..\..\..\sensors\app_bme280.c(132): warning:  #111-D: statement is unreachable
  	return rslt;
..\..\..\sensors\app_bme280.c: 2 warnings, 0 errors
compiling main.c...
linking...
Program Size: Code=15644 RO-data=436 RW-data=20 ZI-data=1644  
FromELF: creating hex file...
"STM32F030F4\STM32F030F4.axf" - 0 Error(s), 2 Warning(s).

<h2>Software Packages used:</h2>

Package Vendor: ARM
                http://www.keil.com/pack/ARM.CMSIS.5.4.0.pack
                ARM.CMSIS.5.4.0
                CMSIS (Cortex Microcontroller Software Interface Standard)
   * Component: CORE Version: 5.1.2

Package Vendor: Keil
                http://www.keil.com/pack/Keil.STM32F0xx_DFP.2.0.0.pack
                Keil.STM32F0xx_DFP.2.0.0
                STMicroelectronics STM32F0 Series Device Support, Drivers and Examples

<h2>Collection of Component include folders:</h2>
  .\RTE\_STM32F030F4
  D:\hardware\ARM_V5\ARM\PACK\ARM\CMSIS\5.4.0\CMSIS\Core\Include
  D:\hardware\ARM_V5\ARM\PACK\Keil\STM32F0xx_DFP\2.0.0\Drivers\CMSIS\Device\ST\STM32F0xx\Include

<h2>Collection of Component Files used:</h2>

   * Component: ARM::CMSIS:CORE:5.1.2
Build Time Elapsed:  00:00:07
</pre>
</body>
</html>
